0 verbose cli C:\Program Files\nodejs\node.exe C:\Program Files\nodejs\node_modules\npm\bin\npm-cli.js
1 info using npm@11.17.0
2 info using node@v24.19.0
3 silly config load:file:C:\Program Files\nodejs\node_modules\npm\npmrc
4 silly config load:file:C:\Users\helan\OneDrive\Desktop\plant to sale\.npmrc
5 silly config load:file:C:\Users\helan\.npmrc
6 silly config load:file:C:\Users\helan\AppData\Roaming\npm\etc\npmrc
7 verbose title npm install
8 verbose argv "install" "--cache" ".npm-cache"
9 verbose logfile logs-max:10 dir:C:\Users\helan\OneDrive\Desktop\plant to sale\.npm-cache\_logs\2026-08-26T21_00_26_677Z-
10 verbose logfile C:\Users\helan\OneDrive\Desktop\plant to sale\.npm-cache\_logs\2026-08-26T21_00_26_677Z-debug-0.log
11 silly logfile done cleaning log files
12 silly packumentCache heap:4496293888 maxSize:1124073472 maxEntrySize:562036736
13 silly idealTree buildDeps
14 silly fetch manifest dotenv@^16.6.1
15 silly packumentCache full:https://registry.npmjs.org/dotenv cache-miss
16 http fetch GET 200 https://registry.npmjs.org/dotenv 191ms (cache miss)
17 silly packumentCache full:https://registry.npmjs.org/dotenv set size:undefined disposed:false
18 silly fetch manifest express@^5.1.0
19 silly packumentCache full:https://registry.npmjs.org/express cache-miss
20 http fetch GET 200 https://registry.npmjs.org/npm 871ms
21 http fetch GET 200 https://registry.npmjs.org/express 721ms (cache miss)
22 silly packumentCache full:https://registry.npmjs.org/express set size:undefined disposed:false
23 silly fetch manifest mysql2@^3.14.4
24 silly packumentCache full:https://registry.npmjs.org/mysql2 cache-miss
25 http fetch GET 200 https://registry.npmjs.org/mysql2 89ms (cache miss)
26 silly packumentCache full:https://registry.npmjs.org/mysql2 set size:undefined disposed:false
27 silly fetch manifest @types/node@>= 8
28 silly packumentCache full:https://registry.npmjs.org/@types%2fnode cache-miss
29 http fetch GET 200 https://registry.npmjs.org/@types%2fnode 257ms (cache miss)
30 silly packumentCache full:https://registry.npmjs.org/@types%2fnode set size:undefined disposed:false
31 silly placeDep ROOT dotenv@16.6.1 OK for: greenleaf-plant-store@1.0.0 want: ^16.6.1
32 silly placeDep ROOT express@5.2.1 OK for: greenleaf-plant-store@1.0.0 want: ^5.1.0
33 silly placeDep ROOT mysql2@3.24.2 OK for: greenleaf-plant-store@1.0.0 want: ^3.14.4
34 silly placeDep ROOT @types/node@26.3.0 OK for: mysql2@3.24.2 want: >= 8
35 silly fetch manifest qs@^6.14.0
36 silly packumentCache full:https://registry.npmjs.org/qs cache-miss
37 silly fetch manifest depd@^2.0.0
38 silly packumentCache full:https://registry.npmjs.org/depd cache-miss
39 silly fetch manifest etag@^1.8.1
40 silly packumentCache full:https://registry.npmjs.org/etag cache-miss
41 silly fetch manifest once@^1.4.0
42 silly packumentCache full:https://registry.npmjs.org/once cache-miss
43 silly fetch manifest send@^1.1.0
44 silly packumentCache full:https://registry.npmjs.org/send cache-miss
45 silly fetch manifest vary@^1.1.2
46 silly packumentCache full:https://registry.npmjs.org/vary cache-miss
47 silly fetch manifest debug@^4.4.0
48 silly packumentCache full:https://registry.npmjs.org/debug cache-miss
49 silly fetch manifest fresh@^2.0.0
50 silly packumentCache full:https://registry.npmjs.org/fresh cache-miss
51 silly fetch manifest cookie@^0.7.1
52 silly packumentCache full:https://registry.npmjs.org/cookie cache-miss
53 silly fetch manifest router@^2.2.0
54 silly packumentCache full:https://registry.npmjs.org/router cache-miss
55 silly fetch manifest accepts@^2.0.0
56 silly packumentCache full:https://registry.npmjs.org/accepts cache-miss
57 http fetch GET 200 https://registry.npmjs.org/depd 153ms (cache miss)
58 silly packumentCache full:https://registry.npmjs.org/depd set size:undefined disposed:false
59 silly fetch manifest type-is@^2.0.1
60 silly packumentCache full:https://registry.npmjs.org/type-is cache-miss
61 http fetch GET 200 https://registry.npmjs.org/qs 218ms (cache miss)
62 silly packumentCache full:https://registry.npmjs.org/qs set size:undefined disposed:false
63 silly fetch manifest parseurl@^1.3.3
64 silly packumentCache full:https://registry.npmjs.org/parseurl cache-miss
65 http fetch GET 200 https://registry.npmjs.org/once 247ms (cache miss)
66 silly packumentCache full:https://registry.npmjs.org/once set size:undefined disposed:false
67 silly fetch manifest statuses@^2.0.1
68 silly packumentCache full:https://registry.npmjs.org/statuses cache-miss
69 http fetch GET 200 https://registry.npmjs.org/etag 256ms (cache miss)
70 silly packumentCache full:https://registry.npmjs.org/etag set size:undefined disposed:false
71 silly fetch manifest encodeurl@^2.0.0
72 silly packumentCache full:https://registry.npmjs.org/encodeurl cache-miss
73 http fetch GET 200 https://registry.npmjs.org/fresh 255ms (cache miss)
74 silly packumentCache full:https://registry.npmjs.org/fresh set size:undefined disposed:false
75 silly fetch manifest mime-types@^3.0.0
76 silly packumentCache full:https://registry.npmjs.org/mime-types cache-miss
77 http fetch GET 200 https://registry.npmjs.org/vary 259ms (cache miss)
78 silly packumentCache full:https://registry.npmjs.org/vary set size:undefined disposed:false
79 silly fetch manifest proxy-addr@^2.0.7
80 silly packumentCache full:https://registry.npmjs.org/proxy-addr cache-miss
81 http fetch GET 200 https://registry.npmjs.org/type-is 118ms (cache miss)
82 silly packumentCache full:https://registry.npmjs.org/type-is set size:undefined disposed:false
83 silly fetch manifest body-parser@^2.2.1
84 silly packumentCache full:https://registry.npmjs.org/body-parser cache-miss
85 http fetch GET 200 https://registry.npmjs.org/accepts 272ms (cache miss)
86 silly packumentCache full:https://registry.npmjs.org/accepts set size:undefined disposed:false
87 silly fetch manifest escape-html@^1.0.3
88 silly packumentCache full:https://registry.npmjs.org/escape-html cache-miss
89 http fetch GET 200 https://registry.npmjs.org/cookie 291ms (cache miss)
90 silly packumentCache full:https://registry.npmjs.org/cookie set size:undefined disposed:false
91 silly fetch manifest http-errors@^2.0.0
92 silly packumentCache full:https://registry.npmjs.org/http-errors cache-miss
93 http fetch GET 200 https://registry.npmjs.org/send 321ms (cache miss)
94 silly packumentCache full:https://registry.npmjs.org/send set size:undefined disposed:false
95 silly fetch manifest on-finished@^2.4.1
96 silly packumentCache full:https://registry.npmjs.org/on-finished cache-miss
97 http fetch GET 200 https://registry.npmjs.org/router 329ms (cache miss)
98 silly packumentCache full:https://registry.npmjs.org/router set size:undefined disposed:false
99 silly fetch manifest content-type@^1.0.5
100 silly packumentCache full:https://registry.npmjs.org/content-type cache-miss
101 http fetch GET 200 https://registry.npmjs.org/debug 349ms (cache miss)
102 silly packumentCache full:https://registry.npmjs.org/debug set size:undefined disposed:false
103 silly fetch manifest finalhandler@^2.1.0
104 silly packumentCache full:https://registry.npmjs.org/finalhandler cache-miss
105 http fetch GET 200 https://registry.npmjs.org/parseurl 135ms (cache miss)
106 silly packumentCache full:https://registry.npmjs.org/parseurl set size:undefined disposed:false
107 silly fetch manifest range-parser@^1.2.1
108 silly packumentCache full:https://registry.npmjs.org/range-parser cache-miss
109 http fetch GET 200 https://registry.npmjs.org/encodeurl 114ms (cache miss)
110 silly packumentCache full:https://registry.npmjs.org/encodeurl set size:undefined disposed:false
111 silly fetch manifest serve-static@^2.2.0
112 silly packumentCache full:https://registry.npmjs.org/serve-static cache-miss
113 http fetch GET 200 https://registry.npmjs.org/statuses 129ms (cache miss)
114 silly packumentCache full:https://registry.npmjs.org/statuses set size:undefined disposed:false
115 silly fetch manifest cookie-signature@^1.2.1
116 silly packumentCache full:https://registry.npmjs.org/cookie-signature cache-miss
117 http fetch GET 200 https://registry.npmjs.org/escape-html 102ms (cache miss)
118 silly packumentCache full:https://registry.npmjs.org/escape-html set size:undefined disposed:false
119 silly fetch manifest merge-descriptors@^2.0.0
120 silly packumentCache full:https://registry.npmjs.org/merge-descriptors cache-miss
121 http fetch GET 200 https://registry.npmjs.org/proxy-addr 149ms (cache miss)
122 silly packumentCache full:https://registry.npmjs.org/proxy-addr set size:undefined disposed:false
123 silly fetch manifest content-disposition@^1.0.0
124 silly packumentCache full:https://registry.npmjs.org/content-disposition cache-miss
125 http fetch GET 200 https://registry.npmjs.org/http-errors 121ms (cache miss)
126 silly packumentCache full:https://registry.npmjs.org/http-errors set size:undefined disposed:false
127 silly fetch manifest long@^5.3.2
128 silly packumentCache full:https://registry.npmjs.org/long cache-miss
129 http fetch GET 200 https://registry.npmjs.org/on-finished 107ms (cache miss)
130 silly packumentCache full:https://registry.npmjs.org/on-finished set size:undefined disposed:false
131 silly fetch manifest lru.min@^1.1.4
132 silly packumentCache full:https://registry.npmjs.org/lru.min cache-miss
133 http fetch GET 200 https://registry.npmjs.org/body-parser 164ms (cache miss)
134 silly packumentCache full:https://registry.npmjs.org/body-parser set size:undefined disposed:false
135 silly fetch manifest iconv-lite@^0.7.3
136 silly packumentCache full:https://registry.npmjs.org/iconv-lite cache-miss
137 http fetch GET 200 https://registry.npmjs.org/mime-types 185ms (cache miss)
138 silly packumentCache full:https://registry.npmjs.org/mime-types set size:undefined disposed:false
139 silly fetch manifest sql-escaper@^1.5.1
140 silly packumentCache full:https://registry.npmjs.org/sql-escaper cache-miss
141 http fetch GET 200 https://registry.npmjs.org/content-type 131ms (cache miss)
142 silly packumentCache full:https://registry.npmjs.org/content-type set size:undefined disposed:false
143 silly fetch manifest aws-ssl-profiles@^1.1.2
144 silly packumentCache full:https://registry.npmjs.org/aws-ssl-profiles cache-miss
145 http fetch GET 200 https://registry.npmjs.org/range-parser 114ms (cache miss)
146 silly packumentCache full:https://registry.npmjs.org/range-parser set size:undefined disposed:false
147 silly fetch manifest generate-function@^2.3.1
148 silly packumentCache full:https://registry.npmjs.org/generate-function cache-miss
149 http fetch GET 200 https://registry.npmjs.org/finalhandler 128ms (cache miss)
150 silly packumentCache full:https://registry.npmjs.org/finalhandler set size:undefined disposed:false
151 silly fetch manifest named-placeholders@^1.1.6
152 silly packumentCache full:https://registry.npmjs.org/named-placeholders cache-miss
153 http fetch GET 200 https://registry.npmjs.org/cookie-signature 115ms (cache miss)
154 silly packumentCache full:https://registry.npmjs.org/cookie-signature set size:undefined disposed:false
155 silly fetch manifest undici-types@~8.3.0
156 silly packumentCache full:https://registry.npmjs.org/undici-types cache-miss
157 http fetch GET 200 https://registry.npmjs.org/merge-descriptors 116ms (cache miss)
158 silly packumentCache full:https://registry.npmjs.org/merge-descriptors set size:undefined disposed:false
159 http fetch GET 200 https://registry.npmjs.org/content-disposition 88ms (cache miss)
160 silly packumentCache full:https://registry.npmjs.org/content-disposition set size:undefined disposed:false
161 http fetch GET 200 https://registry.npmjs.org/serve-static 132ms (cache miss)
162 silly packumentCache full:https://registry.npmjs.org/serve-static set size:undefined disposed:false
163 http fetch GET 200 https://registry.npmjs.org/lru.min 73ms (cache miss)
164 silly packumentCache full:https://registry.npmjs.org/lru.min set size:undefined disposed:false
165 http fetch GET 200 https://registry.npmjs.org/long 84ms (cache miss)
166 silly packumentCache full:https://registry.npmjs.org/long set size:undefined disposed:false
167 http fetch GET 200 https://registry.npmjs.org/iconv-lite 73ms (cache miss)
168 silly packumentCache full:https://registry.npmjs.org/iconv-lite set size:undefined disposed:false
169 http fetch GET 200 https://registry.npmjs.org/aws-ssl-profiles 57ms (cache miss)
170 silly packumentCache full:https://registry.npmjs.org/aws-ssl-profiles set size:undefined disposed:false
171 http fetch GET 200 https://registry.npmjs.org/generate-function 54ms (cache miss)
172 silly packumentCache full:https://registry.npmjs.org/generate-function set size:undefined disposed:false
173 http fetch GET 200 https://registry.npmjs.org/named-placeholders 50ms (cache miss)
174 silly packumentCache full:https://registry.npmjs.org/named-placeholders set size:undefined disposed:false
175 http fetch GET 200 https://registry.npmjs.org/undici-types 50ms (cache miss)
176 silly packumentCache full:https://registry.npmjs.org/undici-types set size:undefined disposed:false
177 http fetch GET 200 https://registry.npmjs.org/sql-escaper 268ms (cache miss)
178 silly packumentCache full:https://registry.npmjs.org/sql-escaper set size:undefined disposed:false
179 silly placeDep ROOT undici-types@8.3.0 OK for: @types/node@26.3.0 want: ~8.3.0
180 silly placeDep ROOT accepts@2.0.0 OK for: express@5.2.1 want: ^2.0.0
181 silly placeDep ROOT body-parser@2.3.0 OK for: express@5.2.1 want: ^2.2.1
182 silly placeDep ROOT content-disposition@1.1.0 OK for: express@5.2.1 want: ^1.0.0
183 silly placeDep ROOT content-type@1.0.5 OK for: express@5.2.1 want: ^1.0.5
184 silly placeDep ROOT cookie@0.7.2 OK for: express@5.2.1 want: ^0.7.1
185 silly placeDep ROOT cookie-signature@1.2.2 OK for: express@5.2.1 want: ^1.2.1
186 silly placeDep ROOT debug@4.4.3 OK for: express@5.2.1 want: ^4.4.0
187 silly placeDep ROOT depd@2.0.0 OK for: express@5.2.1 want: ^2.0.0
188 silly placeDep ROOT encodeurl@2.0.0 OK for: express@5.2.1 want: ^2.0.0
189 silly placeDep ROOT escape-html@1.0.3 OK for: express@5.2.1 want: ^1.0.3
190 silly placeDep ROOT etag@1.8.1 OK for: express@5.2.1 want: ^1.8.1
191 silly placeDep ROOT finalhandler@2.1.1 OK for: express@5.2.1 want: ^2.1.0
192 silly placeDep ROOT fresh@2.0.0 OK for: express@5.2.1 want: ^2.0.0
193 silly placeDep ROOT http-errors@2.0.1 OK for: express@5.2.1 want: ^2.0.0
194 silly placeDep ROOT merge-descriptors@2.0.0 OK for: express@5.2.1 want: ^2.0.0
195 silly placeDep ROOT mime-types@3.0.2 OK for: express@5.2.1 want: ^3.0.0
196 silly placeDep ROOT on-finished@2.4.1 OK for: express@5.2.1 want: ^2.4.1
197 silly placeDep ROOT once@1.4.0 OK for: express@5.2.1 want: ^1.4.0
198 silly placeDep ROOT parseurl@1.3.3 OK for: express@5.2.1 want: ^1.3.3
199 silly placeDep ROOT proxy-addr@2.0.7 OK for: express@5.2.1 want: ^2.0.7
200 silly placeDep ROOT qs@6.15.3 OK for: express@5.2.1 want: ^6.14.0
201 silly placeDep ROOT range-parser@1.3.0 OK for: express@5.2.1 want: ^1.2.1
202 silly placeDep ROOT router@2.2.0 OK for: express@5.2.1 want: ^2.2.0
203 silly placeDep ROOT send@1.2.1 OK for: express@5.2.1 want: ^1.1.0
204 silly placeDep ROOT serve-static@2.2.1 OK for: express@5.2.1 want: ^2.2.0
205 silly placeDep ROOT statuses@2.0.2 OK for: express@5.2.1 want: ^2.0.1
206 silly placeDep ROOT type-is@2.1.0 OK for: express@5.2.1 want: ^2.0.1
207 silly placeDep ROOT vary@1.1.2 OK for: express@5.2.1 want: ^1.1.2
208 silly fetch manifest negotiator@^1.0.0
209 silly packumentCache full:https://registry.npmjs.org/negotiator cache-miss
210 silly fetch manifest qs@^6.15.2
211 silly packumentCache full:https://registry.npmjs.org/qs cache-miss
212 silly fetch manifest bytes@^3.1.2
213 silly packumentCache full:https://registry.npmjs.org/bytes cache-miss
214 silly fetch manifest debug@^4.4.3
215 silly packumentCache full:https://registry.npmjs.org/debug cache-miss
216 silly fetch manifest type-is@^2.1.0
217 silly packumentCache full:https://registry.npmjs.org/type-is cache-miss
218 silly fetch manifest raw-body@^3.0.2
219 silly packumentCache full:https://registry.npmjs.org/raw-body cache-miss
220 silly fetch manifest iconv-lite@^0.7.2
221 silly packumentCache full:https://registry.npmjs.org/iconv-lite cache-miss
222 silly fetch manifest http-errors@^2.0.1
223 silly packumentCache full:https://registry.npmjs.org/http-errors cache-miss
224 silly fetch manifest content-type@^2.0.0
225 silly packumentCache full:https://registry.npmjs.org/content-type cache-miss
226 silly fetch manifest ms@^2.1.3
227 silly packumentCache full:https://registry.npmjs.org/ms cache-miss
228 silly fetch manifest inherits@~2.0.4
229 silly packumentCache full:https://registry.npmjs.org/inherits cache-miss
230 http cache https://registry.npmjs.org/qs 22ms (cache hit)
231 silly packumentCache full:https://registry.npmjs.org/qs set size:360318 disposed:false
232 silly fetch manifest setprototypeof@~1.2.0
233 silly packumentCache full:https://registry.npmjs.org/setprototypeof cache-miss
234 http cache https://registry.npmjs.org/debug 26ms (cache hit)
235 silly packumentCache full:https://registry.npmjs.org/debug set size:195840 disposed:false
236 silly fetch manifest statuses@~2.0.2
237 silly packumentCache full:https://registry.npmjs.org/statuses cache-miss
238 http cache https://registry.npmjs.org/iconv-lite 27ms (cache hit)
239 silly packumentCache full:https://registry.npmjs.org/iconv-lite set size:126462 disposed:false
240 silly fetch manifest toidentifier@~1.0.1
241 silly packumentCache full:https://registry.npmjs.org/toidentifier cache-miss
242 http cache https://registry.npmjs.org/type-is 31ms (cache hit)
243 silly packumentCache full:https://registry.npmjs.org/type-is set size:88614 disposed:false
244 silly fetch manifest mime-db@^1.54.0
245 silly packumentCache full:https://registry.npmjs.org/mime-db cache-miss
246 http cache https://registry.npmjs.org/http-errors 39ms (cache hit)
247 silly packumentCache full:https://registry.npmjs.org/http-errors set size:71987 disposed:false
248 silly fetch manifest ee-first@1.1.1
249 silly packumentCache full:https://registry.npmjs.org/ee-first cache-miss
250 http cache https://registry.npmjs.org/content-type 40ms (cache hit)
251 silly packumentCache full:https://registry.npmjs.org/content-type set size:23936 disposed:false
252 silly fetch manifest wrappy@1
253 silly packumentCache full:https://registry.npmjs.org/wrappy cache-miss
254 http cache https://registry.npmjs.org/statuses 33ms (cache hit)
255 silly packumentCache full:https://registry.npmjs.org/statuses set size:37117 disposed:false
256 silly fetch manifest forwarded@0.2.0
257 silly packumentCache full:https://registry.npmjs.org/forwarded cache-miss
258 http fetch GET 200 https://registry.npmjs.org/inherits 72ms (cache miss)
259 silly packumentCache full:https://registry.npmjs.org/inherits set size:undefined disposed:false
260 silly fetch manifest ipaddr.js@1.9.1
261 silly packumentCache full:https://registry.npmjs.org/ipaddr.js cache-miss
262 http fetch GET 200 https://registry.npmjs.org/bytes 81ms (cache miss)
263 silly packumentCache full:https://registry.npmjs.org/bytes set size:undefined disposed:false
264 silly fetch manifest side-channel@^1.1.1
265 silly packumentCache full:https://registry.npmjs.org/side-channel cache-miss
266 http fetch GET 200 https://registry.npmjs.org/negotiator 83ms (cache miss)
267 silly packumentCache full:https://registry.npmjs.org/negotiator set size:undefined disposed:false
268 silly fetch manifest es-define-property@^1.0.1
269 silly packumentCache full:https://registry.npmjs.org/es-define-property cache-miss
270 http fetch GET 200 https://registry.npmjs.org/setprototypeof 60ms (cache miss)
271 silly packumentCache full:https://registry.npmjs.org/setprototypeof set size:undefined disposed:false
272 silly fetch manifest is-promise@^4.0.0
273 silly packumentCache full:https://registry.npmjs.org/is-promise cache-miss
274 http fetch GET 200 https://registry.npmjs.org/raw-body 86ms (cache miss)
275 silly packumentCache full:https://registry.npmjs.org/raw-body set size:undefined disposed:false
276 silly fetch manifest path-to-regexp@^8.0.0
277 silly packumentCache full:https://registry.npmjs.org/path-to-regexp cache-miss
278 http fetch GET 200 https://registry.npmjs.org/ms 87ms (cache miss)
279 silly packumentCache full:https://registry.npmjs.org/ms set size:undefined disposed:false
280 silly fetch manifest statuses@^2.0.2
281 silly packumentCache full:https://registry.npmjs.org/statuses cache-hit
282 silly fetch manifest media-typer@^1.1.0
283 silly packumentCache full:https://registry.npmjs.org/media-typer cache-miss
284 http fetch GET 200 https://registry.npmjs.org/toidentifier 66ms (cache miss)
285 silly packumentCache full:https://registry.npmjs.org/toidentifier set size:undefined disposed:false
286 http fetch GET 200 https://registry.npmjs.org/wrappy 54ms (cache miss)
287 silly packumentCache full:https://registry.npmjs.org/wrappy set size:undefined disposed:false
288 http fetch GET 200 https://registry.npmjs.org/ee-first 58ms (cache miss)
289 silly packumentCache full:https://registry.npmjs.org/ee-first set size:undefined disposed:false
290 http fetch GET 200 https://registry.npmjs.org/mime-db 68ms (cache miss)
291 silly packumentCache full:https://registry.npmjs.org/mime-db set size:undefined disposed:false
292 http fetch GET 200 https://registry.npmjs.org/forwarded 43ms (cache miss)
293 silly packumentCache full:https://registry.npmjs.org/forwarded set size:undefined disposed:false
294 http fetch GET 200 https://registry.npmjs.org/ipaddr.js 37ms (cache miss)
295 silly packumentCache full:https://registry.npmjs.org/ipaddr.js set size:undefined disposed:false
296 http fetch GET 200 https://registry.npmjs.org/side-channel 40ms (cache miss)
297 silly packumentCache full:https://registry.npmjs.org/side-channel set size:undefined disposed:false
298 http fetch GET 200 https://registry.npmjs.org/is-promise 38ms (cache miss)
299 silly packumentCache full:https://registry.npmjs.org/is-promise set size:undefined disposed:false
300 http fetch GET 200 https://registry.npmjs.org/es-define-property 44ms (cache miss)
301 silly packumentCache full:https://registry.npmjs.org/es-define-property set size:undefined disposed:false
302 http fetch GET 200 https://registry.npmjs.org/media-typer 39ms (cache miss)
303 silly packumentCache full:https://registry.npmjs.org/media-typer set size:undefined disposed:false
304 http fetch GET 200 https://registry.npmjs.org/path-to-regexp 46ms (cache miss)
305 silly packumentCache full:https://registry.npmjs.org/path-to-regexp set size:undefined disposed:false
306 silly placeDep ROOT negotiator@1.1.0 OK for: accepts@2.0.0 want: ^1.0.0
307 silly fetch manifest content-type@^2.1.0
308 silly packumentCache full:https://registry.npmjs.org/content-type cache-hit
309 silly placeDep ROOT bytes@3.1.2 OK for: body-parser@2.3.0 want: ^3.1.2
310 silly placeDep node_modules/body-parser content-type@2.1.0 OK for: body-parser@2.3.0 want: ^2.0.0
311 silly placeDep ROOT iconv-lite@0.7.3 OK for: body-parser@2.3.0 want: ^0.7.2
312 silly placeDep ROOT raw-body@3.0.2 OK for: body-parser@2.3.0 want: ^3.0.2
313 silly fetch manifest safer-buffer@>= 2.1.2 < 3.0.0
314 silly packumentCache full:https://registry.npmjs.org/safer-buffer cache-miss
315 silly fetch manifest unpipe@~1.0.0
316 silly packumentCache full:https://registry.npmjs.org/unpipe cache-miss
317 http fetch GET 200 https://registry.npmjs.org/unpipe 38ms (cache miss)
318 silly packumentCache full:https://registry.npmjs.org/unpipe set size:undefined disposed:false
319 http fetch GET 200 https://registry.npmjs.org/safer-buffer 49ms (cache miss)
320 silly packumentCache full:https://registry.npmjs.org/safer-buffer set size:undefined disposed:false
321 silly placeDep ROOT ms@2.1.3 OK for: debug@4.4.3 want: ^2.1.3
322 silly placeDep ROOT inherits@2.0.4 OK for: http-errors@2.0.1 want: ~2.0.4
323 silly placeDep ROOT setprototypeof@1.2.0 OK for: http-errors@2.0.1 want: ~1.2.0
324 silly placeDep ROOT toidentifier@1.0.1 OK for: http-errors@2.0.1 want: ~1.0.1
325 silly placeDep ROOT safer-buffer@2.1.2 OK for: iconv-lite@0.7.3 want: >= 2.1.2 < 3.0.0
326 silly placeDep ROOT mime-db@1.54.0 OK for: mime-types@3.0.2 want: ^1.54.0
327 silly placeDep ROOT aws-ssl-profiles@1.1.2 OK for: mysql2@3.24.2 want: ^1.1.2
328 silly placeDep ROOT generate-function@2.3.1 OK for: mysql2@3.24.2 want: ^2.3.1
329 silly placeDep ROOT long@5.3.2 OK for: mysql2@3.24.2 want: ^5.3.2
330 silly placeDep ROOT lru.min@1.1.4 OK for: mysql2@3.24.2 want: ^1.1.4
331 silly placeDep ROOT named-placeholders@1.1.6 OK for: mysql2@3.24.2 want: ^1.1.6
332 silly placeDep ROOT sql-escaper@1.5.1 OK for: mysql2@3.24.2 want: ^1.5.1
333 silly fetch manifest is-property@^1.0.2
334 silly packumentCache full:https://registry.npmjs.org/is-property cache-miss
335 http fetch GET 200 https://registry.npmjs.org/is-property 235ms (cache miss)
336 silly packumentCache full:https://registry.npmjs.org/is-property set size:undefined disposed:false
337 silly placeDep ROOT is-property@1.0.2 OK for: generate-function@2.3.1 want: ^1.0.2
338 silly placeDep node_modules/negotiator content-type@2.1.0 OK for: negotiator@1.1.0 want: ^2.1.0
339 silly placeDep ROOT ee-first@1.1.1 OK for: on-finished@2.4.1 want: 1.1.1
340 silly placeDep ROOT wrappy@1.0.2 OK for: once@1.4.0 want: 1
341 silly placeDep ROOT forwarded@0.2.0 OK for: proxy-addr@2.0.7 want: 0.2.0
342 silly placeDep ROOT ipaddr.js@1.9.1 OK for: proxy-addr@2.0.7 want: 1.9.1
343 silly placeDep ROOT es-define-property@1.0.1 OK for: qs@6.15.3 want: ^1.0.1
344 silly placeDep ROOT side-channel@1.1.1 OK for: qs@6.15.3 want: ^1.1.1
345 silly fetch manifest es-errors@^1.3.0
346 silly packumentCache full:https://registry.npmjs.org/es-errors cache-miss
347 silly fetch manifest object-inspect@^1.13.4
348 silly packumentCache full:https://registry.npmjs.org/object-inspect cache-miss
349 silly fetch manifest side-channel-list@^1.0.1
350 silly packumentCache full:https://registry.npmjs.org/side-channel-list cache-miss
351 silly fetch manifest side-channel-map@^1.0.1
352 silly packumentCache full:https://registry.npmjs.org/side-channel-map cache-miss
353 silly fetch manifest side-channel-weakmap@^1.0.2
354 silly packumentCache full:https://registry.npmjs.org/side-channel-weakmap cache-miss
355 http fetch GET 200 https://registry.npmjs.org/side-channel-weakmap 44ms (cache miss)
356 silly packumentCache full:https://registry.npmjs.org/side-channel-weakmap set size:undefined disposed:false
357 http fetch GET 200 https://registry.npmjs.org/side-channel-list 45ms (cache miss)
358 silly packumentCache full:https://registry.npmjs.org/side-channel-list set size:undefined disposed:false
359 http fetch GET 200 https://registry.npmjs.org/side-channel-map 46ms (cache miss)
360 silly packumentCache full:https://registry.npmjs.org/side-channel-map set size:undefined disposed:false
361 http fetch GET 200 https://registry.npmjs.org/es-errors 49ms (cache miss)
362 silly packumentCache full:https://registry.npmjs.org/es-errors set size:undefined disposed:false
363 http fetch GET 200 https://registry.npmjs.org/object-inspect 49ms (cache miss)
364 silly packumentCache full:https://registry.npmjs.org/object-inspect set size:undefined disposed:false
365 silly placeDep ROOT unpipe@1.0.0 OK for: raw-body@3.0.2 want: ~1.0.0
366 silly placeDep ROOT is-promise@4.0.0 OK for: router@2.2.0 want: ^4.0.0
367 silly placeDep ROOT path-to-regexp@8.4.2 OK for: router@2.2.0 want: ^8.0.0
368 silly placeDep ROOT es-errors@1.3.0 OK for: side-channel@1.1.1 want: ^1.3.0
369 silly placeDep ROOT object-inspect@1.13.4 OK for: side-channel@1.1.1 want: ^1.13.4
370 silly placeDep ROOT side-channel-list@1.0.1 OK for: side-channel@1.1.1 want: ^1.0.1
371 silly placeDep ROOT side-channel-map@1.0.1 OK for: side-channel@1.1.1 want: ^1.0.1
372 silly placeDep ROOT side-channel-weakmap@1.0.2 OK for: side-channel@1.1.1 want: ^1.0.2
373 silly fetch manifest call-bound@^1.0.2
374 silly packumentCache full:https://registry.npmjs.org/call-bound cache-miss
375 silly fetch manifest get-intrinsic@^1.2.5
376 silly packumentCache full:https://registry.npmjs.org/get-intrinsic cache-miss
377 silly fetch manifest call-bound@^1.0.2
378 silly packumentCache full:https://registry.npmjs.org/call-bound cache-miss
379 silly fetch manifest get-intrinsic@^1.2.5
380 silly packumentCache full:https://registry.npmjs.org/get-intrinsic cache-miss
381 http fetch GET 200 https://registry.npmjs.org/call-bound 45ms (cache miss)
382 silly packumentCache full:https://registry.npmjs.org/call-bound set size:undefined disposed:false
383 http fetch GET 200 https://registry.npmjs.org/call-bound 50ms (cache miss)
384 silly packumentCache full:https://registry.npmjs.org/call-bound set size:undefined disposed:false
385 http fetch GET 200 https://registry.npmjs.org/get-intrinsic 50ms (cache miss)
386 silly packumentCache full:https://registry.npmjs.org/get-intrinsic set size:undefined disposed:false
387 http fetch GET 200 https://registry.npmjs.org/get-intrinsic 52ms (cache miss)
388 silly packumentCache full:https://registry.npmjs.org/get-intrinsic set size:undefined disposed:false
389 silly placeDep ROOT call-bound@1.0.4 OK for: side-channel-map@1.0.1 want: ^1.0.2
390 silly placeDep ROOT get-intrinsic@1.3.0 OK for: side-channel-map@1.0.1 want: ^1.2.5
391 silly fetch manifest call-bind-apply-helpers@^1.0.2
392 silly packumentCache full:https://registry.npmjs.org/call-bind-apply-helpers cache-miss
393 silly fetch manifest get-intrinsic@^1.3.0
394 silly packumentCache full:https://registry.npmjs.org/get-intrinsic cache-miss
395 silly fetch manifest gopd@^1.2.0
396 silly packumentCache full:https://registry.npmjs.org/gopd cache-miss
397 silly fetch manifest hasown@^2.0.2
398 silly packumentCache full:https://registry.npmjs.org/hasown cache-miss
399 silly fetch manifest get-proto@^1.0.1
400 silly packumentCache full:https://registry.npmjs.org/get-proto cache-miss
401 silly fetch manifest has-symbols@^1.1.0
402 silly packumentCache full:https://registry.npmjs.org/has-symbols cache-miss
403 silly fetch manifest function-bind@^1.1.2
404 silly packumentCache full:https://registry.npmjs.org/function-bind cache-miss
405 silly fetch manifest es-object-atoms@^1.1.1
406 silly packumentCache full:https://registry.npmjs.org/es-object-atoms cache-miss
407 silly fetch manifest math-intrinsics@^1.1.0
408 silly packumentCache full:https://registry.npmjs.org/math-intrinsics cache-miss
409 silly fetch manifest call-bind-apply-helpers@^1.0.2
410 silly packumentCache full:https://registry.npmjs.org/call-bind-apply-helpers cache-miss
411 http cache https://registry.npmjs.org/get-intrinsic 17ms (cache hit)
412 silly packumentCache full:https://registry.npmjs.org/get-intrinsic set size:60985 disposed:false
413 http fetch GET 200 https://registry.npmjs.org/get-proto 59ms (cache miss)
414 silly packumentCache full:https://registry.npmjs.org/get-proto set size:undefined disposed:false
415 http fetch GET 200 https://registry.npmjs.org/gopd 62ms (cache miss)
416 silly packumentCache full:https://registry.npmjs.org/gopd set size:undefined disposed:false
417 http fetch GET 200 https://registry.npmjs.org/es-object-atoms 62ms (cache miss)
418 silly packumentCache full:https://registry.npmjs.org/es-object-atoms set size:undefined disposed:false
419 http fetch GET 200 https://registry.npmjs.org/has-symbols 63ms (cache miss)
420 silly packumentCache full:https://registry.npmjs.org/has-symbols set size:undefined disposed:false
421 http fetch GET 200 https://registry.npmjs.org/hasown 66ms (cache miss)
422 silly packumentCache full:https://registry.npmjs.org/hasown set size:undefined disposed:false
423 http fetch GET 200 https://registry.npmjs.org/function-bind 66ms (cache miss)
424 silly packumentCache full:https://registry.npmjs.org/function-bind set size:undefined disposed:false
425 http fetch GET 200 https://registry.npmjs.org/call-bind-apply-helpers 68ms (cache miss)
426 silly packumentCache full:https://registry.npmjs.org/call-bind-apply-helpers set size:undefined disposed:false
427 http fetch GET 200 https://registry.npmjs.org/call-bind-apply-helpers 68ms (cache miss)
428 silly packumentCache full:https://registry.npmjs.org/call-bind-apply-helpers set size:undefined disposed:false
429 http fetch GET 200 https://registry.npmjs.org/math-intrinsics 70ms (cache miss)
430 silly packumentCache full:https://registry.npmjs.org/math-intrinsics set size:undefined disposed:false
431 silly placeDep ROOT call-bind-apply-helpers@1.0.2 OK for: call-bound@1.0.4 want: ^1.0.2
432 silly placeDep ROOT function-bind@1.1.2 OK for: call-bind-apply-helpers@1.0.2 want: ^1.1.2
433 silly placeDep ROOT es-object-atoms@1.1.2 OK for: get-intrinsic@1.3.0 want: ^1.1.1
434 silly placeDep ROOT get-proto@1.0.1 OK for: get-intrinsic@1.3.0 want: ^1.0.1
435 silly placeDep ROOT gopd@1.2.0 OK for: get-intrinsic@1.3.0 want: ^1.2.0
436 silly placeDep ROOT has-symbols@1.1.0 OK for: get-intrinsic@1.3.0 want: ^1.1.0
437 silly placeDep ROOT hasown@2.0.4 OK for: get-intrinsic@1.3.0 want: ^2.0.2
438 silly placeDep ROOT math-intrinsics@1.1.0 OK for: get-intrinsic@1.3.0 want: ^1.1.0
439 silly fetch manifest dunder-proto@^1.0.1
440 silly packumentCache full:https://registry.npmjs.org/dunder-proto cache-miss
441 http fetch GET 200 https://registry.npmjs.org/dunder-proto 41ms (cache miss)
442 silly packumentCache full:https://registry.npmjs.org/dunder-proto set size:undefined disposed:false
443 silly placeDep ROOT dunder-proto@1.0.1 OK for: get-proto@1.0.1 want: ^1.0.1
444 silly placeDep node_modules/type-is content-type@2.1.0 OK for: type-is@2.1.0 want: ^2.0.0
445 silly placeDep ROOT media-typer@1.1.1 OK for: type-is@2.1.0 want: ^1.1.0
446 silly reify moves {}
447 silly audit bulk request {
447 silly audit   dotenv: [ '16.6.1' ],
447 silly audit   express: [ '5.2.1' ],
447 silly audit   mysql2: [ '3.24.2' ],
447 silly audit   '@types/node': [ '26.3.0' ],
447 silly audit   'undici-types': [ '8.3.0' ],
447 silly audit   accepts: [ '2.0.0' ],
447 silly audit   'body-parser': [ '2.3.0' ],
447 silly audit   'content-disposition': [ '1.1.0' ],
447 silly audit   'content-type': [ '1.0.5', '2.1.0' ],
447 silly audit   cookie: [ '0.7.2' ],
447 silly audit   'cookie-signature': [ '1.2.2' ],
447 silly audit   debug: [ '4.4.3' ],
447 silly audit   depd: [ '2.0.0' ],
447 silly audit   encodeurl: [ '2.0.0' ],
447 silly audit   'escape-html': [ '1.0.3' ],
447 silly audit   etag: [ '1.8.1' ],
447 silly audit   finalhandler: [ '2.1.1' ],
447 silly audit   fresh: [ '2.0.0' ],
447 silly audit   'http-errors': [ '2.0.1' ],
447 silly audit   'merge-descriptors': [ '2.0.0' ],
447 silly audit   'mime-types': [ '3.0.2' ],
447 silly audit   'on-finished': [ '2.4.1' ],
447 silly audit   once: [ '1.4.0' ],
447 silly audit   parseurl: [ '1.3.3' ],
447 silly audit   'proxy-addr': [ '2.0.7' ],
447 silly audit   qs: [ '6.15.3' ],
447 silly audit   'range-parser': [ '1.3.0' ],
447 silly audit   router: [ '2.2.0' ],
447 silly audit   send: [ '1.2.1' ],
447 silly audit   'serve-static': [ '2.2.1' ],
447 silly audit   statuses: [ '2.0.2' ],
447 silly audit   'type-is': [ '2.1.0' ],
447 silly audit   vary: [ '1.1.2' ],
447 silly audit   negotiator: [ '1.1.0' ],
447 silly audit   bytes: [ '3.1.2' ],
447 silly audit   'iconv-lite': [ '0.7.3' ],
447 silly audit   'raw-body': [ '3.0.2' ],
447 silly audit   ms: [ '2.1.3' ],
447 silly audit   inherits: [ '2.0.4' ],
447 silly audit   setprototypeof: [ '1.2.0' ],
447 silly audit   toidentifier: [ '1.0.1' ],
447 silly audit   'safer-buffer': [ '2.1.2' ],
447 silly audit   'mime-db': [ '1.54.0' ],
447 silly audit   'aws-ssl-profiles': [ '1.1.2' ],
447 silly audit   'generate-function': [ '2.3.1' ],
447 silly audit   long: [ '5.3.2' ],
447 silly audit   'lru.min': [ '1.1.4' ],
447 silly audit   'named-placeholders': [ '1.1.6' ],
447 silly audit   'sql-escaper': [ '1.5.1' ],
447 silly audit   'is-property': [ '1.0.2' ],
447 silly audit   'ee-first': [ '1.1.1' ],
447 silly audit   wrappy: [ '1.0.2' ],
447 silly audit   forwarded: [ '0.2.0' ],
447 silly audit   'ipaddr.js': [ '1.9.1' ],
447 silly audit   'es-define-property': [ '1.0.1' ],
447 silly audit   'side-channel': [ '1.1.1' ],
447 silly audit   unpipe: [ '1.0.0' ],
447 silly audit   'is-promise': [ '4.0.0' ],
447 silly audit   'path-to-regexp': [ '8.4.2' ],
447 silly audit   'es-errors': [ '1.3.0' ],
447 silly audit   'object-inspect': [ '1.13.4' ],
447 silly audit   'side-channel-list': [ '1.0.1' ],
447 silly audit   'side-channel-map': [ '1.0.1' ],
447 silly audit   'side-channel-weakmap': [ '1.0.2' ],
447 silly audit   'call-bound': [ '1.0.4' ],
447 silly audit   'get-intrinsic': [ '1.3.0' ],
447 silly audit   'call-bind-apply-helpers': [ '1.0.2' ],
447 silly audit   'function-bind': [ '1.1.2' ],
447 silly audit   'es-object-atoms': [ '1.1.2' ],
447 silly audit   'get-proto': [ '1.0.1' ],
447 silly audit   gopd: [ '1.2.0' ],
447 silly audit   'has-symbols': [ '1.1.0' ],
447 silly audit   hasown: [ '2.0.4' ],
447 silly audit   'math-intrinsics': [ '1.1.0' ],
447 silly audit   'dunder-proto': [ '1.0.1' ],
447 silly audit   'media-typer': [ '1.1.1' ]
447 silly audit }
448 http cache math-intrinsics@https://registry.npmjs.org/math-intrinsics/-/math-intrinsics-1.1.0.tgz 0ms (cache hit)
449 http cache media-typer@https://registry.npmjs.org/media-typer/-/media-typer-1.1.1.tgz 0ms (cache hit)
450 http cache dunder-proto@https://registry.npmjs.org/dunder-proto/-/dunder-proto-1.0.1.tgz 0ms (cache hit)
451 http cache has-symbols@https://registry.npmjs.org/has-symbols/-/has-symbols-1.1.0.tgz 0ms (cache hit)
452 http cache hasown@https://registry.npmjs.org/hasown/-/hasown-2.0.4.tgz 0ms (cache hit)
453 http cache es-object-atoms@https://registry.npmjs.org/es-object-atoms/-/es-object-atoms-1.1.2.tgz 0ms (cache hit)
454 http cache function-bind@https://registry.npmjs.org/function-bind/-/function-bind-1.1.2.tgz 0ms (cache hit)
455 http cache gopd@https://registry.npmjs.org/gopd/-/gopd-1.2.0.tgz 0ms (cache hit)
456 http cache get-proto@https://registry.npmjs.org/get-proto/-/get-proto-1.0.1.tgz 0ms (cache hit)
457 http cache get-intrinsic@https://registry.npmjs.org/get-intrinsic/-/get-intrinsic-1.3.0.tgz 0ms (cache hit)
458 http cache side-channel-weakmap@https://registry.npmjs.org/side-channel-weakmap/-/side-channel-weakmap-1.0.2.tgz 0ms (cache hit)
459 http cache side-channel-map@https://registry.npmjs.org/side-channel-map/-/side-channel-map-1.0.1.tgz 0ms (cache hit)
460 http cache call-bind-apply-helpers@https://registry.npmjs.org/call-bind-apply-helpers/-/call-bind-apply-helpers-1.0.2.tgz 0ms (cache hit)
461 http cache side-channel-list@https://registry.npmjs.org/side-channel-list/-/side-channel-list-1.0.1.tgz 0ms (cache hit)
462 http cache es-errors@https://registry.npmjs.org/es-errors/-/es-errors-1.3.0.tgz 0ms (cache hit)
463 http cache call-bound@https://registry.npmjs.org/call-bound/-/call-bound-1.0.4.tgz 0ms (cache hit)
464 http cache is-promise@https://registry.npmjs.org/is-promise/-/is-promise-4.0.0.tgz 0ms (cache hit)
465 http cache path-to-regexp@https://registry.npmjs.org/path-to-regexp/-/path-to-regexp-8.4.2.tgz 0ms (cache hit)
466 http cache object-inspect@https://registry.npmjs.org/object-inspect/-/object-inspect-1.13.4.tgz 0ms (cache hit)
467 http cache unpipe@https://registry.npmjs.org/unpipe/-/unpipe-1.0.0.tgz 0ms (cache hit)
468 http cache side-channel@https://registry.npmjs.org/side-channel/-/side-channel-1.1.1.tgz 0ms (cache hit)
469 http cache es-define-property@https://registry.npmjs.org/es-define-property/-/es-define-property-1.0.1.tgz 0ms (cache hit)
470 http cache forwarded@https://registry.npmjs.org/forwarded/-/forwarded-0.2.0.tgz 0ms (cache hit)
471 http cache ee-first@https://registry.npmjs.org/ee-first/-/ee-first-1.1.1.tgz 0ms (cache hit)
472 http cache wrappy@https://registry.npmjs.org/wrappy/-/wrappy-1.0.2.tgz 0ms (cache hit)
473 http cache is-property@https://registry.npmjs.org/is-property/-/is-property-1.0.2.tgz 0ms (cache hit)
474 http cache sql-escaper@https://registry.npmjs.org/sql-escaper/-/sql-escaper-1.5.1.tgz 0ms (cache hit)
475 http cache ipaddr.js@https://registry.npmjs.org/ipaddr.js/-/ipaddr.js-1.9.1.tgz 0ms (cache hit)
476 http cache long@https://registry.npmjs.org/long/-/long-5.3.2.tgz 0ms (cache hit)
477 http cache lru.min@https://registry.npmjs.org/lru.min/-/lru.min-1.1.4.tgz 0ms (cache hit)
478 http cache named-placeholders@https://registry.npmjs.org/named-placeholders/-/named-placeholders-1.1.6.tgz 0ms (cache hit)
479 http cache mime-db@https://registry.npmjs.org/mime-db/-/mime-db-1.54.0.tgz 0ms (cache hit)
480 http cache aws-ssl-profiles@https://registry.npmjs.org/aws-ssl-profiles/-/aws-ssl-profiles-1.1.2.tgz 0ms (cache hit)
481 http cache safer-buffer@https://registry.npmjs.org/safer-buffer/-/safer-buffer-2.1.2.tgz 0ms (cache hit)
482 http cache toidentifier@https://registry.npmjs.org/toidentifier/-/toidentifier-1.0.1.tgz 0ms (cache hit)
483 http cache generate-function@https://registry.npmjs.org/generate-function/-/generate-function-2.3.1.tgz 0ms (cache hit)
484 http cache iconv-lite@https://registry.npmjs.org/iconv-lite/-/iconv-lite-0.7.3.tgz 0ms (cache hit)
485 http cache inherits@https://registry.npmjs.org/inherits/-/inherits-2.0.4.tgz 0ms (cache hit)
486 http cache setprototypeof@https://registry.npmjs.org/setprototypeof/-/setprototypeof-1.2.0.tgz 0ms (cache hit)
487 http cache negotiator@https://registry.npmjs.org/negotiator/-/negotiator-1.1.0.tgz 0ms (cache hit)
488 http cache bytes@https://registry.npmjs.org/bytes/-/bytes-3.1.2.tgz 0ms (cache hit)
489 http cache raw-body@https://registry.npmjs.org/raw-body/-/raw-body-3.0.2.tgz 0ms (cache hit)
490 http cache type-is@https://registry.npmjs.org/type-is/-/type-is-2.1.0.tgz 0ms (cache hit)
491 http cache statuses@https://registry.npmjs.org/statuses/-/statuses-2.0.2.tgz 0ms (cache hit)
492 http cache vary@https://registry.npmjs.org/vary/-/vary-1.1.2.tgz 0ms (cache hit)
493 http cache send@https://registry.npmjs.org/send/-/send-1.2.1.tgz 0ms (cache hit)
494 http cache ms@https://registry.npmjs.org/ms/-/ms-2.1.3.tgz 0ms (cache hit)
495 http cache serve-static@https://registry.npmjs.org/serve-static/-/serve-static-2.2.1.tgz 0ms (cache hit)
496 http cache range-parser@https://registry.npmjs.org/range-parser/-/range-parser-1.3.0.tgz 0ms (cache hit)
497 http cache qs@https://registry.npmjs.org/qs/-/qs-6.15.3.tgz 0ms (cache hit)
498 http cache router@https://registry.npmjs.org/router/-/router-2.2.0.tgz 0ms (cache hit)
499 http cache on-finished@https://registry.npmjs.org/on-finished/-/on-finished-2.4.1.tgz 0ms (cache hit)
500 http cache mime-types@https://registry.npmjs.org/mime-types/-/mime-types-3.0.2.tgz 0ms (cache hit)
501 http cache parseurl@https://registry.npmjs.org/parseurl/-/parseurl-1.3.3.tgz 0ms (cache hit)
502 http cache once@https://registry.npmjs.org/once/-/once-1.4.0.tgz 0ms (cache hit)
503 http cache proxy-addr@https://registry.npmjs.org/proxy-addr/-/proxy-addr-2.0.7.tgz 0ms (cache hit)
504 http cache http-errors@https://registry.npmjs.org/http-errors/-/http-errors-2.0.1.tgz 0ms (cache hit)
505 http cache merge-descriptors@https://registry.npmjs.org/merge-descriptors/-/merge-descriptors-2.0.0.tgz 0ms (cache hit)
506 http cache finalhandler@https://registry.npmjs.org/finalhandler/-/finalhandler-2.1.1.tgz 0ms (cache hit)
507 http cache fresh@https://registry.npmjs.org/fresh/-/fresh-2.0.0.tgz 0ms (cache hit)
508 http cache escape-html@https://registry.npmjs.org/escape-html/-/escape-html-1.0.3.tgz 0ms (cache hit)
509 http cache etag@https://registry.npmjs.org/etag/-/etag-1.8.1.tgz 0ms (cache hit)
510 http cache depd@https://registry.npmjs.org/depd/-/depd-2.0.0.tgz 0ms (cache hit)
511 http cache encodeurl@https://registry.npmjs.org/encodeurl/-/encodeurl-2.0.0.tgz 0ms (cache hit)
512 http cache debug@https://registry.npmjs.org/debug/-/debug-4.4.3.tgz 0ms (cache hit)
513 http cache cookie-signature@https://registry.npmjs.org/cookie-signature/-/cookie-signature-1.2.2.tgz 0ms (cache hit)
514 http cache cookie@https://registry.npmjs.org/cookie/-/cookie-0.7.2.tgz 0ms (cache hit)
515 http cache body-parser@https://registry.npmjs.org/body-parser/-/body-parser-2.3.0.tgz 0ms (cache hit)
516 http cache content-disposition@https://registry.npmjs.org/content-disposition/-/content-disposition-1.1.0.tgz 0ms (cache hit)
517 http cache content-type@https://registry.npmjs.org/content-type/-/content-type-1.0.5.tgz 0ms (cache hit)
518 http cache @types/node@https://registry.npmjs.org/@types/node/-/node-26.3.0.tgz 0ms (cache hit)
519 http cache undici-types@https://registry.npmjs.org/undici-types/-/undici-types-8.3.0.tgz 0ms (cache hit)
520 http cache accepts@https://registry.npmjs.org/accepts/-/accepts-2.0.0.tgz 0ms (cache hit)
521 http cache content-type@https://registry.npmjs.org/content-type/-/content-type-2.1.0.tgz 0ms (cache hit)
522 http cache content-type@https://registry.npmjs.org/content-type/-/content-type-2.1.0.tgz 0ms (cache hit)
523 http cache mysql2@https://registry.npmjs.org/mysql2/-/mysql2-3.24.2.tgz 0ms (cache hit)
524 silly tarball no local data for math-intrinsics@https://registry.npmjs.org/math-intrinsics/-/math-intrinsics-1.1.0.tgz. Extracting by manifest.
525 http cache content-type@https://registry.npmjs.org/content-type/-/content-type-2.1.0.tgz 0ms (cache hit)
526 silly tarball no local data for media-typer@https://registry.npmjs.org/media-typer/-/media-typer-1.1.1.tgz. Extracting by manifest.
527 silly tarball no local data for dunder-proto@https://registry.npmjs.org/dunder-proto/-/dunder-proto-1.0.1.tgz. Extracting by manifest.
528 silly tarball no local data for has-symbols@https://registry.npmjs.org/has-symbols/-/has-symbols-1.1.0.tgz. Extracting by manifest.
529 silly tarball no local data for hasown@https://registry.npmjs.org/hasown/-/hasown-2.0.4.tgz. Extracting by manifest.
530 silly tarball no local data for es-object-atoms@https://registry.npmjs.org/es-object-atoms/-/es-object-atoms-1.1.2.tgz. Extracting by manifest.
531 http cache express@https://registry.npmjs.org/express/-/express-5.2.1.tgz 0ms (cache hit)
532 silly tarball no local data for function-bind@https://registry.npmjs.org/function-bind/-/function-bind-1.1.2.tgz. Extracting by manifest.
533 silly tarball no local data for gopd@https://registry.npmjs.org/gopd/-/gopd-1.2.0.tgz. Extracting by manifest.
534 http cache dotenv@https://registry.npmjs.org/dotenv/-/dotenv-16.6.1.tgz 0ms (cache hit)
535 silly tarball no local data for get-proto@https://registry.npmjs.org/get-proto/-/get-proto-1.0.1.tgz. Extracting by manifest.
536 silly tarball no local data for get-intrinsic@https://registry.npmjs.org/get-intrinsic/-/get-intrinsic-1.3.0.tgz. Extracting by manifest.
537 silly tarball no local data for side-channel-weakmap@https://registry.npmjs.org/side-channel-weakmap/-/side-channel-weakmap-1.0.2.tgz. Extracting by manifest.
538 silly tarball no local data for side-channel-map@https://registry.npmjs.org/side-channel-map/-/side-channel-map-1.0.1.tgz. Extracting by manifest.
539 silly tarball no local data for call-bind-apply-helpers@https://registry.npmjs.org/call-bind-apply-helpers/-/call-bind-apply-helpers-1.0.2.tgz. Extracting by manifest.
540 silly tarball no local data for side-channel-list@https://registry.npmjs.org/side-channel-list/-/side-channel-list-1.0.1.tgz. Extracting by manifest.
541 silly tarball no local data for es-errors@https://registry.npmjs.org/es-errors/-/es-errors-1.3.0.tgz. Extracting by manifest.
542 silly tarball no local data for call-bound@https://registry.npmjs.org/call-bound/-/call-bound-1.0.4.tgz. Extracting by manifest.
543 silly tarball no local data for is-promise@https://registry.npmjs.org/is-promise/-/is-promise-4.0.0.tgz. Extracting by manifest.
544 silly tarball no local data for path-to-regexp@https://registry.npmjs.org/path-to-regexp/-/path-to-regexp-8.4.2.tgz. Extracting by manifest.
545 silly tarball no local data for object-inspect@https://registry.npmjs.org/object-inspect/-/object-inspect-1.13.4.tgz. Extracting by manifest.
546 silly tarball no local data for unpipe@https://registry.npmjs.org/unpipe/-/unpipe-1.0.0.tgz. Extracting by manifest.
547 silly tarball no local data for side-channel@https://registry.npmjs.org/side-channel/-/side-channel-1.1.1.tgz. Extracting by manifest.
548 silly tarball no local data for es-define-property@https://registry.npmjs.org/es-define-property/-/es-define-property-1.0.1.tgz. Extracting by manifest.
549 silly tarball no local data for forwarded@https://registry.npmjs.org/forwarded/-/forwarded-0.2.0.tgz. Extracting by manifest.
550 silly tarball no local data for ee-first@https://registry.npmjs.org/ee-first/-/ee-first-1.1.1.tgz. Extracting by manifest.
551 silly tarball no local data for wrappy@https://registry.npmjs.org/wrappy/-/wrappy-1.0.2.tgz. Extracting by manifest.
552 silly tarball no local data for is-property@https://registry.npmjs.org/is-property/-/is-property-1.0.2.tgz. Extracting by manifest.
553 silly tarball no local data for sql-escaper@https://registry.npmjs.org/sql-escaper/-/sql-escaper-1.5.1.tgz. Extracting by manifest.
554 silly tarball no local data for ipaddr.js@https://registry.npmjs.org/ipaddr.js/-/ipaddr.js-1.9.1.tgz. Extracting by manifest.
555 silly tarball no local data for long@https://registry.npmjs.org/long/-/long-5.3.2.tgz. Extracting by manifest.
556 silly tarball no local data for lru.min@https://registry.npmjs.org/lru.min/-/lru.min-1.1.4.tgz. Extracting by manifest.
557 silly tarball no local data for named-placeholders@https://registry.npmjs.org/named-placeholders/-/named-placeholders-1.1.6.tgz. Extracting by manifest.
558 silly tarball no local data for mime-db@https://registry.npmjs.org/mime-db/-/mime-db-1.54.0.tgz. Extracting by manifest.
559 silly tarball no local data for aws-ssl-profiles@https://registry.npmjs.org/aws-ssl-profiles/-/aws-ssl-profiles-1.1.2.tgz. Extracting by manifest.
560 silly tarball no local data for safer-buffer@https://registry.npmjs.org/safer-buffer/-/safer-buffer-2.1.2.tgz. Extracting by manifest.
561 silly tarball no local data for toidentifier@https://registry.npmjs.org/toidentifier/-/toidentifier-1.0.1.tgz. Extracting by manifest.
562 silly tarball no local data for generate-function@https://registry.npmjs.org/generate-function/-/generate-function-2.3.1.tgz. Extracting by manifest.
563 silly tarball no local data for iconv-lite@https://registry.npmjs.org/iconv-lite/-/iconv-lite-0.7.3.tgz. Extracting by manifest.
564 silly tarball no local data for inherits@https://registry.npmjs.org/inherits/-/inherits-2.0.4.tgz. Extracting by manifest.
565 silly tarball no local data for setprototypeof@https://registry.npmjs.org/setprototypeof/-/setprototypeof-1.2.0.tgz. Extracting by manifest.
566 silly tarball no local data for negotiator@https://registry.npmjs.org/negotiator/-/negotiator-1.1.0.tgz. Extracting by manifest.
567 silly tarball no local data for bytes@https://registry.npmjs.org/bytes/-/bytes-3.1.2.tgz. Extracting by manifest.
568 silly tarball no local data for raw-body@https://registry.npmjs.org/raw-body/-/raw-body-3.0.2.tgz. Extracting by manifest.
569 silly tarball no local data for type-is@https://registry.npmjs.org/type-is/-/type-is-2.1.0.tgz. Extracting by manifest.
570 silly tarball no local data for statuses@https://registry.npmjs.org/statuses/-/statuses-2.0.2.tgz. Extracting by manifest.
571 silly tarball no local data for vary@https://registry.npmjs.org/vary/-/vary-1.1.2.tgz. Extracting by manifest.
572 silly tarball no local data for send@https://registry.npmjs.org/send/-/send-1.2.1.tgz. Extracting by manifest.
573 silly tarball no local data for ms@https://registry.npmjs.org/ms/-/ms-2.1.3.tgz. Extracting by manifest.
574 silly tarball no local data for serve-static@https://registry.npmjs.org/serve-static/-/serve-static-2.2.1.tgz. Extracting by manifest.
575 silly tarball no local data for range-parser@https://registry.npmjs.org/range-parser/-/range-parser-1.3.0.tgz. Extracting by manifest.
576 silly tarball no local data for qs@https://registry.npmjs.org/qs/-/qs-6.15.3.tgz. Extracting by manifest.
577 silly tarball no local data for router@https://registry.npmjs.org/router/-/router-2.2.0.tgz. Extracting by manifest.
578 silly tarball no local data for on-finished@https://registry.npmjs.org/on-finished/-/on-finished-2.4.1.tgz. Extracting by manifest.
579 silly tarball no local data for mime-types@https://registry.npmjs.org/mime-types/-/mime-types-3.0.2.tgz. Extracting by manifest.
580 silly tarball no local data for parseurl@https://registry.npmjs.org/parseurl/-/parseurl-1.3.3.tgz. Extracting by manifest.
581 silly tarball no local data for once@https://registry.npmjs.org/once/-/once-1.4.0.tgz. Extracting by manifest.
582 silly tarball no local data for proxy-addr@https://registry.npmjs.org/proxy-addr/-/proxy-addr-2.0.7.tgz. Extracting by manifest.
583 silly tarball no local data for http-errors@https://registry.npmjs.org/http-errors/-/http-errors-2.0.1.tgz. Extracting by manifest.
584 silly tarball no local data for merge-descriptors@https://registry.npmjs.org/merge-descriptors/-/merge-descriptors-2.0.0.tgz. Extracting by manifest.
585 silly tarball no local data for finalhandler@https://registry.npmjs.org/finalhandler/-/finalhandler-2.1.1.tgz. Extracting by manifest.
586 silly tarball no local data for fresh@https://registry.npmjs.org/fresh/-/fresh-2.0.0.tgz. Extracting by manifest.
587 silly tarball no local data for escape-html@https://registry.npmjs.org/escape-html/-/escape-html-1.0.3.tgz. Extracting by manifest.
588 silly tarball no local data for etag@https://registry.npmjs.org/etag/-/etag-1.8.1.tgz. Extracting by manifest.
589 silly tarball no local data for depd@https://registry.npmjs.org/depd/-/depd-2.0.0.tgz. Extracting by manifest.
590 silly tarball no local data for encodeurl@https://registry.npmjs.org/encodeurl/-/encodeurl-2.0.0.tgz. Extracting by manifest.
591 silly tarball no local data for debug@https://registry.npmjs.org/debug/-/debug-4.4.3.tgz. Extracting by manifest.
592 silly tarball no local data for cookie-signature@https://registry.npmjs.org/cookie-signature/-/cookie-signature-1.2.2.tgz. Extracting by manifest.
593 silly tarball no local data for cookie@https://registry.npmjs.org/cookie/-/cookie-0.7.2.tgz. Extracting by manifest.
594 silly tarball no local data for body-parser@https://registry.npmjs.org/body-parser/-/body-parser-2.3.0.tgz. Extracting by manifest.
595 silly tarball no local data for content-disposition@https://registry.npmjs.org/content-disposition/-/content-disposition-1.1.0.tgz. Extracting by manifest.
596 silly tarball no local data for content-type@https://registry.npmjs.org/content-type/-/content-type-1.0.5.tgz. Extracting by manifest.
597 silly tarball no local data for @types/node@https://registry.npmjs.org/@types/node/-/node-26.3.0.tgz. Extracting by manifest.
598 silly tarball no local data for undici-types@https://registry.npmjs.org/undici-types/-/undici-types-8.3.0.tgz. Extracting by manifest.
599 silly tarball no local data for accepts@https://registry.npmjs.org/accepts/-/accepts-2.0.0.tgz. Extracting by manifest.
600 silly tarball no local data for content-type@https://registry.npmjs.org/content-type/-/content-type-2.1.0.tgz. Extracting by manifest.
601 silly tarball no local data for content-type@https://registry.npmjs.org/content-type/-/content-type-2.1.0.tgz. Extracting by manifest.
602 silly tarball no local data for mysql2@https://registry.npmjs.org/mysql2/-/mysql2-3.24.2.tgz. Extracting by manifest.
603 silly tarball no local data for content-type@https://registry.npmjs.org/content-type/-/content-type-2.1.0.tgz. Extracting by manifest.
604 silly tarball no local data for express@https://registry.npmjs.org/express/-/express-5.2.1.tgz. Extracting by manifest.
605 silly tarball no local data for dotenv@https://registry.npmjs.org/dotenv/-/dotenv-16.6.1.tgz. Extracting by manifest.
606 http fetch POST 200 https://registry.npmjs.org/-/npm/v1/security/advisories/bulk 309ms
607 silly audit report {}
608 http fetch GET 200 https://registry.npmjs.org/is-promise/-/is-promise-4.0.0.tgz 352ms (cache miss)
609 http fetch GET 200 https://registry.npmjs.org/media-typer/-/media-typer-1.1.1.tgz 370ms (cache miss)
610 http fetch GET 200 https://registry.npmjs.org/forwarded/-/forwarded-0.2.0.tgz 381ms (cache miss)
611 http fetch GET 200 https://registry.npmjs.org/unpipe/-/unpipe-1.0.0.tgz 397ms (cache miss)
612 http fetch GET 200 https://registry.npmjs.org/ee-first/-/ee-first-1.1.1.tgz 408ms (cache miss)
613 http fetch GET 200 https://registry.npmjs.org/wrappy/-/wrappy-1.0.2.tgz 408ms (cache miss)
614 http fetch GET 200 https://registry.npmjs.org/named-placeholders/-/named-placeholders-1.1.6.tgz 407ms (cache miss)
615 http fetch GET 200 https://registry.npmjs.org/toidentifier/-/toidentifier-1.0.1.tgz 408ms (cache miss)
616 http fetch GET 200 https://registry.npmjs.org/inherits/-/inherits-2.0.4.tgz 421ms (cache miss)
617 http fetch GET 200 https://registry.npmjs.org/setprototypeof/-/setprototypeof-1.2.0.tgz 422ms (cache miss)
618 http fetch GET 200 https://registry.npmjs.org/is-property/-/is-property-1.0.2.tgz 428ms (cache miss)
619 http fetch GET 200 https://registry.npmjs.org/bytes/-/bytes-3.1.2.tgz 436ms (cache miss)
620 http fetch GET 200 https://registry.npmjs.org/send/-/send-1.2.1.tgz 444ms (cache miss)
621 http fetch GET 200 https://registry.npmjs.org/once/-/once-1.4.0.tgz 450ms (cache miss)
622 http fetch GET 200 https://registry.npmjs.org/http-errors/-/http-errors-2.0.1.tgz 451ms (cache miss)
623 http fetch GET 200 https://registry.npmjs.org/finalhandler/-/finalhandler-2.1.1.tgz 456ms (cache miss)
624 http fetch GET 200 https://registry.npmjs.org/encodeurl/-/encodeurl-2.0.0.tgz 458ms (cache miss)
625 http fetch GET 200 https://registry.npmjs.org/on-finished/-/on-finished-2.4.1.tgz 465ms (cache miss)
626 http fetch GET 200 https://registry.npmjs.org/cookie-signature/-/cookie-signature-1.2.2.tgz 466ms (cache miss)
627 http fetch GET 200 https://registry.npmjs.org/vary/-/vary-1.1.2.tgz 477ms (cache miss)
628 http fetch GET 200 https://registry.npmjs.org/serve-static/-/serve-static-2.2.1.tgz 479ms (cache miss)
629 http fetch GET 200 https://registry.npmjs.org/merge-descriptors/-/merge-descriptors-2.0.0.tgz 479ms (cache miss)
630 http fetch GET 200 https://registry.npmjs.org/parseurl/-/parseurl-1.3.3.tgz 482ms (cache miss)
631 http fetch GET 200 https://registry.npmjs.org/escape-html/-/escape-html-1.0.3.tgz 480ms (cache miss)
632 http fetch GET 200 https://registry.npmjs.org/content-disposition/-/content-disposition-1.1.0.tgz 478ms (cache miss)
633 http fetch GET 200 https://registry.npmjs.org/range-parser/-/range-parser-1.3.0.tgz 488ms (cache miss)
634 http fetch GET 200 https://registry.npmjs.org/fresh/-/fresh-2.0.0.tgz 488ms (cache miss)
635 http fetch GET 200 https://registry.npmjs.org/ms/-/ms-2.1.3.tgz 501ms (cache miss)
636 http fetch GET 200 https://registry.npmjs.org/statuses/-/statuses-2.0.2.tgz 503ms (cache miss)
637 http fetch GET 200 https://registry.npmjs.org/content-type/-/content-type-1.0.5.tgz 496ms (cache miss)
638 http fetch GET 200 https://registry.npmjs.org/raw-body/-/raw-body-3.0.2.tgz 506ms (cache miss)
639 http fetch GET 200 https://registry.npmjs.org/type-is/-/type-is-2.1.0.tgz 508ms (cache miss)
640 http fetch GET 200 https://registry.npmjs.org/accepts/-/accepts-2.0.0.tgz 502ms (cache miss)
641 http fetch GET 200 https://registry.npmjs.org/proxy-addr/-/proxy-addr-2.0.7.tgz 514ms (cache miss)
642 http fetch GET 200 https://registry.npmjs.org/generate-function/-/generate-function-2.3.1.tgz 521ms (cache miss)
643 http fetch GET 200 https://registry.npmjs.org/path-to-regexp/-/path-to-regexp-8.4.2.tgz 526ms (cache miss)
644 http fetch GET 200 https://registry.npmjs.org/etag/-/etag-1.8.1.tgz 517ms (cache miss)
645 http fetch GET 200 https://registry.npmjs.org/cookie/-/cookie-0.7.2.tgz 536ms (cache miss)
646 http fetch GET 200 https://registry.npmjs.org/hasown/-/hasown-2.0.4.tgz 556ms (cache miss)
647 http fetch GET 200 https://registry.npmjs.org/ipaddr.js/-/ipaddr.js-1.9.1.tgz 552ms (cache miss)
648 http fetch GET 200 https://registry.npmjs.org/mime-types/-/mime-types-3.0.2.tgz 547ms (cache miss)
649 http fetch GET 200 https://registry.npmjs.org/safer-buffer/-/safer-buffer-2.1.2.tgz 575ms (cache miss)
650 http fetch GET 200 https://registry.npmjs.org/depd/-/depd-2.0.0.tgz 572ms (cache miss)
651 http fetch GET 200 https://registry.npmjs.org/lru.min/-/lru.min-1.1.4.tgz 585ms (cache miss)
652 http fetch GET 200 https://registry.npmjs.org/get-intrinsic/-/get-intrinsic-1.3.0.tgz 604ms (cache miss)
653 http fetch GET 200 https://registry.npmjs.org/router/-/router-2.2.0.tgz 615ms (cache miss)
654 http fetch GET 200 https://registry.npmjs.org/content-type/-/content-type-2.1.0.tgz 608ms (cache miss)
655 http fetch GET 200 https://registry.npmjs.org/content-type/-/content-type-2.1.0.tgz 623ms (cache miss)
656 http fetch GET 200 https://registry.npmjs.org/content-type/-/content-type-2.1.0.tgz 623ms (cache miss)
657 http fetch GET 200 https://registry.npmjs.org/call-bound/-/call-bound-1.0.4.tgz 643ms (cache miss)
658 http fetch GET 200 https://registry.npmjs.org/gopd/-/gopd-1.2.0.tgz 654ms (cache miss)
659 http fetch GET 200 https://registry.npmjs.org/sql-escaper/-/sql-escaper-1.5.1.tgz 673ms (cache miss)
660 http fetch GET 200 https://registry.npmjs.org/es-define-property/-/es-define-property-1.0.1.tgz 674ms (cache miss)
661 http fetch GET 200 https://registry.npmjs.org/negotiator/-/negotiator-1.1.0.tgz 693ms (cache miss)
662 http fetch GET 200 https://registry.npmjs.org/function-bind/-/function-bind-1.1.2.tgz 704ms (cache miss)
663 http fetch GET 200 https://registry.npmjs.org/mime-db/-/mime-db-1.54.0.tgz 699ms (cache miss)
664 http fetch GET 200 https://registry.npmjs.org/side-channel/-/side-channel-1.1.1.tgz 703ms (cache miss)
665 http fetch GET 200 https://registry.npmjs.org/side-channel-weakmap/-/side-channel-weakmap-1.0.2.tgz 727ms (cache miss)
666 http fetch GET 200 https://registry.npmjs.org/side-channel-map/-/side-channel-map-1.0.1.tgz 731ms (cache miss)
667 http fetch GET 200 https://registry.npmjs.org/get-proto/-/get-proto-1.0.1.tgz 733ms (cache miss)
668 http fetch GET 200 https://registry.npmjs.org/debug/-/debug-4.4.3.tgz 728ms (cache miss)
669 http fetch GET 200 https://registry.npmjs.org/dunder-proto/-/dunder-proto-1.0.1.tgz 756ms (cache miss)
670 http fetch GET 200 https://registry.npmjs.org/long/-/long-5.3.2.tgz 750ms (cache miss)
671 http fetch GET 200 https://registry.npmjs.org/es-object-atoms/-/es-object-atoms-1.1.2.tgz 758ms (cache miss)
672 http fetch GET 200 https://registry.npmjs.org/side-channel-list/-/side-channel-list-1.0.1.tgz 757ms (cache miss)
673 http fetch GET 200 https://registry.npmjs.org/has-symbols/-/has-symbols-1.1.0.tgz 796ms (cache miss)
674 http fetch GET 200 https://registry.npmjs.org/express/-/express-5.2.1.tgz 789ms (cache miss)
675 http fetch GET 200 https://registry.npmjs.org/dotenv/-/dotenv-16.6.1.tgz 792ms (cache miss)
676 http fetch GET 200 https://registry.npmjs.org/es-errors/-/es-errors-1.3.0.tgz 846ms (cache miss)
677 http fetch GET 200 https://registry.npmjs.org/body-parser/-/body-parser-2.3.0.tgz 846ms (cache miss)
678 http fetch GET 200 https://registry.npmjs.org/call-bind-apply-helpers/-/call-bind-apply-helpers-1.0.2.tgz 864ms (cache miss)
679 http fetch GET 200 https://registry.npmjs.org/aws-ssl-profiles/-/aws-ssl-profiles-1.1.2.tgz 865ms (cache miss)
680 http fetch GET 200 https://registry.npmjs.org/math-intrinsics/-/math-intrinsics-1.1.0.tgz 1013ms (cache miss)
681 http fetch GET 200 https://registry.npmjs.org/qs/-/qs-6.15.3.tgz 1010ms (cache miss)
682 http fetch GET 200 https://registry.npmjs.org/object-inspect/-/object-inspect-1.13.4.tgz 1094ms (cache miss)
683 http fetch GET 200 https://registry.npmjs.org/iconv-lite/-/iconv-lite-0.7.3.tgz 1138ms (cache miss)
684 http fetch GET 200 https://registry.npmjs.org/undici-types/-/undici-types-8.3.0.tgz 1232ms (cache miss)
685 http fetch GET 200 https://registry.npmjs.org/@types/node/-/node-26.3.0.tgz 1733ms (cache miss)
686 http fetch GET 200 https://registry.npmjs.org/mysql2/-/mysql2-3.24.2.tgz 2318ms (cache miss)
687 silly ADD node_modules/media-typer
688 silly ADD node_modules/dunder-proto
689 silly ADD node_modules/math-intrinsics
690 silly ADD node_modules/hasown
691 silly ADD node_modules/has-symbols
692 silly ADD node_modules/gopd
693 silly ADD node_modules/get-proto
694 silly ADD node_modules/es-object-atoms
695 silly ADD node_modules/function-bind
696 silly ADD node_modules/call-bind-apply-helpers
697 silly ADD node_modules/get-intrinsic
698 silly ADD node_modules/call-bound
699 silly ADD node_modules/side-channel-weakmap
700 silly ADD node_modules/side-channel-map
701 silly ADD node_modules/side-channel-list
702 silly ADD node_modules/object-inspect
703 silly ADD node_modules/es-errors
704 silly ADD node_modules/path-to-regexp
705 silly ADD node_modules/is-promise
706 silly ADD node_modules/unpipe
707 silly ADD node_modules/side-channel
708 silly ADD node_modules/es-define-property
709 silly ADD node_modules/ipaddr.js
710 silly ADD node_modules/forwarded
711 silly ADD node_modules/wrappy
712 silly ADD node_modules/ee-first
713 silly ADD node_modules/is-property
714 silly ADD node_modules/sql-escaper
715 silly ADD node_modules/named-placeholders
716 silly ADD node_modules/lru.min
717 silly ADD node_modules/long
718 silly ADD node_modules/generate-function
719 silly ADD node_modules/aws-ssl-profiles
720 silly ADD node_modules/mime-db
721 silly ADD node_modules/safer-buffer
722 silly ADD node_modules/toidentifier
723 silly ADD node_modules/setprototypeof
724 silly ADD node_modules/inherits
725 silly ADD node_modules/ms
726 silly ADD node_modules/raw-body
727 silly ADD node_modules/iconv-lite
728 silly ADD node_modules/bytes
729 silly ADD node_modules/negotiator
730 silly ADD node_modules/negotiator/node_modules/content-type
731 silly ADD node_modules/vary
732 silly ADD node_modules/type-is
733 silly ADD node_modules/type-is/node_modules/content-type
734 silly ADD node_modules/statuses
735 silly ADD node_modules/serve-static
736 silly ADD node_modules/send
737 silly ADD node_modules/router
738 silly ADD node_modules/range-parser
739 silly ADD node_modules/qs
740 silly ADD node_modules/proxy-addr
741 silly ADD node_modules/parseurl
742 silly ADD node_modules/once
743 silly ADD node_modules/on-finished
744 silly ADD node_modules/mime-types
745 silly ADD node_modules/merge-descriptors
746 silly ADD node_modules/http-errors
747 silly ADD node_modules/fresh
748 silly ADD node_modules/finalhandler
749 silly ADD node_modules/etag
750 silly ADD node_modules/escape-html
751 silly ADD node_modules/encodeurl
752 silly ADD node_modules/depd
753 silly ADD node_modules/debug
754 silly ADD node_modules/cookie-signature
755 silly ADD node_modules/cookie
756 silly ADD node_modules/content-type
757 silly ADD node_modules/content-disposition
758 silly ADD node_modules/body-parser
759 silly ADD node_modules/body-parser/node_modules/content-type
760 silly ADD node_modules/accepts
761 silly ADD node_modules/undici-types
762 silly ADD node_modules/@types/node
763 silly ADD node_modules/mysql2
764 silly ADD node_modules/express
765 silly ADD node_modules/dotenv
766 verbose cwd C:\Users\helan\OneDrive\Desktop\plant to sale
767 verbose os Windows_NT 10.0.26200
768 verbose node v24.19.0
769 verbose npm  v11.17.0
770 notice
770 notice New major version of npm available! 11.17.0 -> 12.0.2
770 notice Changelog: https://github.com/npm/cli/releases/tag/v12.0.2
770 notice To update run: npm install -g npm@12.0.2
770 notice  { force: true, Symbol(proc-log.meta): true }
771 verbose exit 0
772 info ok
